// Jest Snapshot v1, https://goo.gl/fbAQLP

exports[`Should render individual project with data 1`] = `
<Styled(div)
  onMouseEnter={[Function]}
  onMouseLeave={[Function]}
>
  <Styled(h4)>
    Fixture Project 3
  </Styled(h4)>
  <Styled(img)
    alt="related to project name"
    src="Image Url"
  />
   
</Styled(div)>
`;
